Last login: Wed Apr 11 07:45:03 on ttys000
Neils-MBP:~ neilmartin$ cd /Users/neilmartin/Documents/Coding/NeilWebsite 
Neils-MBP:NeilWebsite neilmartin$ touch index.html
Neils-MBP:NeilWebsite neilmartin$ git init
Initialized empty Git repository in /Users/neilmartin/Documents/Coding/NeilWebsite/.git/
Neils-MBP:NeilWebsite neilmartin$ git status
On branch master

No commits yet

Untracked files:
  (use "git add <file>..." to include in what will be committed)

	index.html

nothing added to commit but untracked files present (use "git add" to track)
Neils-MBP:NeilWebsite neilmartin$ git add index.html
Neils-MBP:NeilWebsite neilmartin$ git status
On branch master

No commits yet

Changes to be committed:
  (use "git rm --cached <file>..." to unstage)

	new file:   index.html

Neils-MBP:NeilWebsite neilmartin$ git commit -m "init"
[master (root-commit) 98ea62b] init
 Committer: Neil Martin <neilmartin@Neils-MBP.fios-router.home>
Your name and email address were configured automatically based
on your username and hostname. Please check that they are accurate.
You can suppress this message by setting them explicitly. Run the
following command and follow the instructions in your editor to edit
your configuration file:

    git config --global --edit

After doing this, you may fix the identity used for this commit with:

    git commit --amend --reset-author

 1 file changed, 12 insertions(+)
 create mode 100644 index.html
Neils-MBP:NeilWebsite neilmartin$ git status
On branch master
nothing to commit, working tree clean
Neils-MBP:NeilWebsite neilmartin$ git remote add origin https://github.com/neilnmartin/neilnmartin.github.io.git
Neils-MBP:NeilWebsite neilmartin$ git remote -v
origin	https://github.com/neilnmartin/neilnmartin.github.io.git (fetch)
origin	https://github.com/neilnmartin/neilnmartin.github.io.git (push)
Neils-MBP:NeilWebsite neilmartin$ git push -u origin master
Username for 'https://github.com': neilnmartin
Password for 'https://neilnmartin@github.com': 
Counting objects: 3, done.
Delta compression using up to 8 threads.
Compressing objects: 100% (2/2), done.
Writing objects: 100% (3/3), 331 bytes | 331.00 KiB/s, done.
Total 3 (delta 0), reused 0 (delta 0)
To https://github.com/neilnmartin/neilnmartin.github.io.git
 * [new branch]      master -> master
Branch master set up to track remote branch master from origin.
Neils-MBP:NeilWebsite neilmartin$ git status
On branch master
Your branch is up-to-date with 'origin/master'.

nothing to commit, working tree clean
